../Core/Src/log_process.c:38:9:Decimal2BCD	16	static
../Core/Src/log_process.c:42:9:BCD2Decimal	16	static
../Core/Src/log_process.c:52:6:eepromWriteByte	32	static
../Core/Src/log_process.c:58:9:eepromReadByte	32	static
../Core/Src/log_process.c:69:6:eepromWriteFloat	24	static
../Core/Src/log_process.c:77:7:eepromReadFloat	32	static
../Core/Src/log_process.c:85:6:eepromWriteTime	16	static
../Core/Src/log_process.c:95:6:eepromReadTime	24	static
../Core/Src/log_process.c:115:6:DS3231_Module_Init	16	static
../Core/Src/log_process.c:133:6:DS3231_Module_Close	8	static
../Core/Src/log_process.c:140:6:InitialTime	16	static
../Core/Src/log_process.c:157:6:setTime	32	static
../Core/Src/log_process.c:167:6:getTime	32	static
../Core/Src/log_process.c:187:6:writeWeightLog	16	static
../Core/Src/log_process.c:198:7:readWeightLog	32	static
../Core/Src/log_process.c:211:6:clearAllLogs	8	static
../Core/Src/log_process.c:223:6:clearLastLog	8	static
../Core/Src/log_process.c:231:10:getLastLogAddress	4	static
../Core/Src/log_process.c:239:10:getTotalLogs	4	static
../Core/Src/log_process.c:243:6:isStorageFull	4	static
../Core/Src/log_process.c:247:6:printLog	192	static
../Core/Src/log_process.c:257:6:printAllLogs	24	static
